{ vertical sequence
	Creating sheet Титульный
	Section (range A3:B4)
	{ vertical sequence
		Section (range A5:Z5)
		Section (range A6:Z6)
		{ vertical sequence
			Section (range A7:Z7)
			Section (range A7:Z7)
		} sequence
		Section (range A5:Z5)
	} sequence
	Creating sheet Раздел А
	{ vertical sequence
		Section (range A12:A12)
		{ horizontal sequence
			Section (range B12:B12)
			Section (range B12:B12)
			Section (range B12:B12)
		} sequence
	} sequence
	Creating sheet Раздел Б
	{ vertical sequence
	} sequence
} sequence
Flush
