Starting vertical sequence
	Creating sheet Титульный
		Section (range A3:B4)
		Starting vertical sequence
			Section (range A5:Z5)
			Section (range A6:Z6)
			Starting vertical sequence
				Section (range A7:Z7)
				Section (range A7:Z7)
			Finalizing sequence
			Section (range A5:Z5)
		Finalizing sequence
	Finalizing sequence
	Starting vertical sequence
		Creating sheet Раздел А
			Section (range A11:A11)
			Starting horizontal sequence
				Section (range B11:B11)
				Section (range B11:B11)
				Section (range B11:B11)
			Finalizing sequence
			Starting vertical sequence
				Section (range A12:A12)
				Starting horizontal sequence
					Section (range B12:B12)
					Section (range B12:B12)
					Section (range B12:B12)
				Finalizing sequence
			Finalizing sequence
			Creating sheet Раздел Б
				Section (range A11:A11)
				Starting horizontal sequence
				Finalizing sequence
				Starting vertical sequence
				Finalizing sequence
			Finalizing sequence
			Flush
