Starting vertical sequence
	Creating sheet Титульный
		Section from sheet Лист1 (range A3:B4)
		Starting vertical sequence
			Section (range A5:Z5)
			Section (range A6:Z6) with page break
			Starting vertical sequence
				Section (range A7:Z7)
				Section (range A7:Z7)
			Finalizing sequence
			Section (range A5:Z5)
		Finalizing sequence
	Finalizing sequence
	Starting vertical sequence
		Creating sheet Раздел А
			Section (range A1:A1)
			Starting horizontal sequence
				Section (range B1:B1)
				Section (range B1:B1)
				Section (range B1:B1)
			Finalizing sequence
			Starting vertical sequence
				Section (range A2:A2)
				Starting horizontal sequence
					Section (range B2:B2)
					Section (range B2:B2)
					Section (range B2:B2)
				Finalizing sequence
				Section (range A2:A2)
				Starting horizontal sequence
					Section (range B2:B2)
					Section (range B2:B2)
					Section (range B2:B2)
				Finalizing sequence
				Section (range A2:A2)
				Starting horizontal sequence
					Section (range B2:B2)
					Section (range B2:B2)
					Section (range B2:B2)
				Finalizing sequence
			Finalizing sequence
			Creating sheet Раздел Б
				Section (range A1:A1)
				Starting horizontal sequence
				Finalizing sequence
				Starting vertical sequence
				Finalizing sequence
			Finalizing sequence
			Flush
